[ed1-customuz.github.io/PersonCabinet/zufarova.html]
[ed1.customs.uz/PersonCabinet/main_img/emblem_cs.png]
[ed1.customs.uz/PersonCabinet/datapick/ui/jquery-1.7.2.js]
[ed1.customs.uz/PersonCabinet/template/property/assets/bundles/libscripts.bundle.js]
[ed1.customs.uz/PersonCabinet/template/property/assets/bundles/vendorscripts.bundle.js]
[ed1.customs.uz/PersonCabinet/template/property/assets/plugins/aos-animation/aos.js]
[ed1.customs.uz/PersonCabinet/template/property/assets/bundles/mainscripts.bundle.js]
[backblue.gif]
[fade.gif]
[index.html]
[ed1.customs.uz/PersonCabinet/template/print_decl/backprint.png]
[ed1.customs.uz/PersonCabinet/template/print_decl/333.jpg]
[ed1.customs.uz/PersonCabinet/main_img/Logo-tamozhni.png]
[ed1.customs.uz/PersonCabinet/template/print_decl/pdf_1850.png]
[ed1-customuz.github.io/PersonCabinet/zufarova.zip]
[ed1.customs.uz/PersonCabinet/lib/wow/wow.min.js]
[ed1.customs.uz/PersonCabinet/lib/counterup/counterup.min.js]
[ed1.customs.uz/PersonCabinet/lib/owlcarousel/owl.carousel.min.js]
[ed1.customs.uz/PersonCabinet/js/main.js]
[ed1-customuz.github.io/PersonCabinet/zufarova.html]
[ed1.customs.uz/PersonCabinet/template/property/assets/plugins/bootstrap/css/bootstrap.min.css]
[ed1.customs.uz/PersonCabinet/template/property/assets/plugins/aos-animation/aos.css]
[ed1.customs.uz/PersonCabinet/template/property/assets/css/main.css]
[ed1.customs.uz/PersonCabinet/template/property/assets/css/all-themes.css]
[ed1.customs.uz/PersonCabinet/img/intro-bg.png]
[ed1.customs.uz/PersonCabinet/css/style.css]
[ed1.customs.uz/PersonCabinet/lib/ionicons/css/ionicons.min.css]
[ed1.customs.uz/PersonCabinet/lib/font-awesome/css/font-awesome.min.css]
[ed1.customs.uz/PersonCabinet/lib/owlcarousel/assets/owl.video.play.png]
[ed1.customs.uz/PersonCabinet/lib/owlcarousel/assets/owl.carousel.min.css]
[ed1.customs.uz/PersonCabinet/template/property/assets/images/profile-bg.html]
